2026/02/23 04:27:23 ERROR: nextID query sequence failed for ECO-2026: SQL logic error: no such table: id_sequences (1)
2026/02/23 04:27:23 ERROR: nextID query sequence failed for PO-2026: SQL logic error: no such table: id_sequences (1)
2026/02/23 04:27:28 Removed old backup: zrp-backup-2025-01-01T00-00-00.db
2026/02/23 04:27:28 Removed old backup: zrp-backup-2025-01-02T00-00-00.db
audit log error: SQL logic error: table audit_log has no column named module (1)
audit log error: SQL logic error: table audit_log has no column named module (1)
audit log error: SQL logic error: table audit_log has no column named module (1)
audit log error: SQL logic error: table audit_log has no column named module (1)
audit log error: SQL logic error: table audit_log has no column named module (1)
audit log error: SQL logic error: table audit_log has no column named module (1)
audit log error: SQL logic error: table audit_log has no column named module (1)
2026/02/23 04:27:29 ERROR: nextID query sequence failed for CAPA-2026: SQL logic error: no such table: id_sequences (1)
2026/02/23 04:27:29 ERROR: nextID query sequence failed for CAPA-2026: SQL logic error: no such table: id_sequences (1)
2026/02/23 04:27:29 ERROR: nextID query sequence failed for CAPA-2026: SQL logic error: no such table: id_sequences (1)
2026/02/23 04:27:29 ERROR: nextID query sequence failed for CAPA-2026: SQL logic error: no such table: id_sequences (1)
2026/02/23 04:27:29 ERROR: nextID query sequence failed for CAPA-2026: SQL logic error: no such table: id_sequences (1)
2026/02/23 04:27:29 ERROR: nextID query sequence failed for CAPA-2026: SQL logic error: no such table: id_sequences (1)
2026/02/23 04:27:29 ERROR: nextID query sequence failed for CAPA-2026: SQL logic error: no such table: id_sequences (1)
audit log error: SQL logic error: table audit_log has no column named module (1)
audit log error: SQL logic error: table audit_log has no column named module (1)
audit log error: SQL logic error: table audit_log has no column named module (1)
audit log error: SQL logic error: table audit_log has no column named module (1)
audit log error: SQL logic error: table audit_log has no column named module (1)
audit log error: SQL logic error: table audit_log has no column named module (1)
2026/02/23 04:27:30 ERROR: nextID query sequence failed for DOC-2026: SQL logic error: no such table: id_sequences (1)
2026/02/23 04:27:30 ERROR: nextID query sequence failed for DOC-2026: SQL logic error: no such table: id_sequences (1)
2026/02/23 04:27:30 ERROR: nextID query sequence failed for DOC-2026: SQL logic error: no such table: id_sequences (1)
2026/02/23 04:27:30 ERROR: nextID query sequence failed for DOC-2026: SQL logic error: no such table: id_sequences (1)
2026/02/23 04:27:30 ERROR: nextID query sequence failed for DOC-2026: SQL logic error: no such table: id_sequences (1)
--- FAIL: TestECOStatusTransitions_ValidFlow (0.00s)
    handler_eco_edge_test.go:74: Expected status implemented after transition, got approved
--- FAIL: TestECO_ConcurrentUpdates_LastWriteWins (0.00s)
    handler_eco_integrity_test.go:353: Final state: title=, status=, priority=
    handler_eco_integrity_test.go:357: Unexpected final title: 
2026/02/23 04:27:31 ERROR: nextID query sequence failed for FR-2026: SQL logic error: no such table: id_sequences (1)
2026/02/23 04:27:31 ERROR: nextID query sequence failed for FR-2026: SQL logic error: no such table: id_sequences (1)
2026/02/23 04:27:31 ERROR: nextID query sequence failed for FR-2026: SQL logic error: no such table: id_sequences (1)
2026/02/23 04:27:31 ERROR: nextID query sequence failed for FR-2026: SQL logic error: no such table: id_sequences (1)
2026/02/23 04:27:31 ERROR: nextID query sequence failed for FR-2026: SQL logic error: no such table: id_sequences (1)
2026/02/23 04:27:31 ERROR: nextID query sequence failed for FR-2026: SQL logic error: no such table: id_sequences (1)
2026/02/23 04:27:31 ERROR: nextID query sequence failed for NCR-2026: SQL logic error: no such table: id_sequences (1)
2026/02/23 04:27:31 ERROR: nextID query sequence failed for FR-2026: SQL logic error: no such table: id_sequences (1)
2026/02/23 04:27:31 ERROR: nextID query sequence failed for NCR-2026: SQL logic error: no such table: id_sequences (1)
2026/02/23 04:27:31 ERROR: nextID query sequence failed for FR-2026: SQL logic error: no such table: id_sequences (1)
2026/02/23 04:27:31 ERROR: nextID query sequence failed for NCR-2026: SQL logic error: no such table: id_sequences (1)
2026/02/23 04:27:31 ERROR: nextID query sequence failed for FR-2026: SQL logic error: no such table: id_sequences (1)
2026/02/23 04:27:31 ERROR: nextID query sequence failed for NCR-2026: SQL logic error: no such table: id_sequences (1)
2026/02/23 04:27:31 ERROR: nextID query sequence failed for FR-2026: SQL logic error: no such table: id_sequences (1)
2026/02/23 04:27:31 ERROR: nextID query sequence failed for NCR-2026: SQL logic error: no such table: id_sequences (1)
2026/02/23 04:27:31 ERROR: nextID query sequence failed for FR-2026: SQL logic error: no such table: id_sequences (1)
2026/02/23 04:27:31 ERROR: nextID query sequence failed for FR-2026: SQL logic error: no such table: id_sequences (1)
2026/02/23 04:27:31 ERROR: nextID query sequence failed for FR-2026: SQL logic error: no such table: id_sequences (1)
2026/02/23 04:27:31 ERROR: nextID query sequence failed for FW-2026: SQL logic error: no such table: id_sequences (1)
2026/02/23 04:27:31 ERROR: nextID query sequence failed for FW-2026: SQL logic error: no such table: id_sequences (1)
--- FAIL: TestConcurrentCampaignUpdates (0.00s)
    handler_firmware_advanced_test.go:178: Campaign was corrupted by concurrent updates: SQL logic error: no such table: firmware_campaigns (1)
--- FAIL: TestProgressTrackingAccuracy (0.00s)
    handler_firmware_advanced_test.go:448: Progress count mismatch for total: expected 10, got 9
--- FAIL: TestCampaignDeviceUpdateTimestamp (0.01s)
    handler_firmware_advanced_test.go:554: updated_at timestamp is not recent
2026/02/23 04:27:31 ERROR: nextID query sequence failed for FW-2026: SQL logic error: no such table: id_sequences (1)
--- FAIL: TestHandlePushDocToGit_NoConfig (0.08s)
    handler_git_docs_test.go:186: Expected 'git docs not configured' error, got: map[error:git docs repo not configured]
2026/02/23 04:27:32 ERROR: nextID query sequence failed for NCR-2026: SQL logic error: no such table: id_sequences (1)
2026/02/23 04:27:32 ERROR: nextID query sequence failed for NCR-2026: SQL logic error: no such table: id_sequences (1)
2026/02/23 04:27:32 ERROR: nextID query sequence failed for NCR-2026: SQL logic error: no such table: id_sequences (1)
2026/02/23 04:27:32 ERROR: nextID query sequence failed for NCR-2026: SQL logic error: no such table: id_sequences (1)
2026/02/23 04:27:32 ERROR: nextID query sequence failed for NCR-2026: SQL logic error: no such table: id_sequences (1)
2026/02/23 04:27:32 ERROR: nextID query sequence failed for WO-2026: SQL logic error: no such table: id_sequences (1)
2026/02/23 04:27:32 ERROR: nextID query sequence failed for WO-2026: SQL logic error: no such table: id_sequences (1)
2026/02/23 04:27:32 ERROR: nextID query sequence failed for FR-2026: SQL logic error: no such table: id_sequences (1)
2026/02/23 04:27:32 ERROR: nextID query sequence failed for FR-2026: SQL logic error: no such table: id_sequences (1)
2026/02/23 04:27:32 ERROR: nextID query sequence failed for FR-2026: SQL logic error: no such table: id_sequences (1)
2026/02/23 04:27:32 ERROR: nextID query sequence failed for ECO-2026: SQL logic error: no such table: id_sequences (1)
2026/02/23 04:27:32 ERROR: nextID query sequence failed for ECO-2026: SQL logic error: no such table: id_sequences (1)
2026/02/23 04:27:32 ERROR: nextID query sequence failed for ECO-2026: SQL logic error: no such table: id_sequences (1)
2026/02/23 04:27:32 ERROR: nextID query sequence failed for CAPA-2026: SQL logic error: no such table: id_sequences (1)
2026/02/23 04:27:32 ERROR: nextID query sequence failed for RMA-2026: SQL logic error: no such table: id_sequences (1)
2026/02/23 04:27:32 ERROR: nextID query sequence failed for RMA-2026: SQL logic error: no such table: id_sequences (1)
2026/02/23 04:27:33 ERROR: nextID query sequence failed for Q-2026: SQL logic error: no such table: id_sequences (1)
2026/02/23 04:27:33 ERROR: nextID query sequence failed for SO-2026: SQL logic error: no such table: id_sequences (1)
2026/02/23 04:27:33 ERROR: nextID query sequence failed for INV-2026: SQL logic error: no such table: id_sequences (1)
2026/02/23 04:27:33 ERROR: nextID query sequence failed for Q-2026: SQL logic error: no such table: id_sequences (1)
2026/02/23 04:27:33 ERROR: nextID query sequence failed for SO-2026: SQL logic error: no such table: id_sequences (1)
2026/02/23 04:27:33 ERROR: nextID query sequence failed for Q-2026: SQL logic error: no such table: id_sequences (1)
2026/02/23 04:27:33 ERROR: nextID query sequence failed for SO-2026: SQL logic error: no such table: id_sequences (1)
2026/02/23 04:27:33 ERROR: nextID query sequence failed for INV-2026: SQL logic error: no such table: id_sequences (1)
2026/02/23 04:27:33 ERROR: nextID query sequence failed for INV-2026: SQL logic error: no such table: id_sequences (1)
2026/02/23 04:27:33 ERROR: nextID query sequence failed for SO-2026: SQL logic error: no such table: id_sequences (1)
2026/02/23 04:27:33 ERROR: nextID query sequence failed for INV-2026: SQL logic error: no such table: id_sequences (1)
2026/02/23 04:27:33 ERROR: nextID query sequence failed for SO-2026: SQL logic error: no such table: id_sequences (1)
2026/02/23 04:27:33 ERROR: nextID query sequence failed for INV-2026: SQL logic error: no such table: id_sequences (1)
2026/02/23 04:27:33 ERROR: nextID query sequence failed for SO-2026: SQL logic error: no such table: id_sequences (1)
2026/02/23 04:27:33 ERROR: nextID query sequence failed for INV-2026: SQL logic error: no such table: id_sequences (1)
2026/02/23 04:27:33 ERROR: nextID query sequence failed for SO-2026: SQL logic error: no such table: id_sequences (1)
2026/02/23 04:27:33 ERROR: nextID query sequence failed for SO-2026: SQL logic error: no such table: id_sequences (1)
2026/02/23 04:27:33 ERROR: nextID query sequence failed for INV-2026: SQL logic error: no such table: id_sequences (1)
2026/02/23 04:27:33 ERROR: nextID query sequence failed for INV-2026: SQL logic error: no such table: id_sequences (1)
2026/02/23 04:27:33 ERROR: nextID query sequence failed for SO-2026: SQL logic error: no such table: id_sequences (1)
2026/02/23 04:27:33 ERROR: nextID query sequence failed for NCR-2026: SQL logic error: no such table: id_sequences (1)
2026/02/23 04:27:33 ERROR: nextID query sequence failed for NCR-2026: SQL logic error: no such table: id_sequences (1)
2026/02/23 04:27:33 ERROR: nextID query sequence failed for NCR-2026: SQL logic error: no such table: id_sequences (1)
--- FAIL: TestHandleCreateNCR_SQLInjectionInFields (0.00s)
    --- FAIL: TestHandleCreateNCR_SQLInjectionInFields/title_'_OR_'1'='1 (0.00s)
        handler_ncr_edge_cases_test.go:188: Expected success, got 500 for payload: ' OR '1'='1
        handler_ncr_edge_cases_test.go:195: Query failed: SQL logic error: no such table: ncrs (1)
    --- FAIL: TestHandleCreateNCR_SQLInjectionInFields/title_admin'-- (0.00s)
        handler_ncr_edge_cases_test.go:188: Expected success, got 500 for payload: admin'--
        handler_ncr_edge_cases_test.go:195: Query failed: SQL logic error: no such table: ncrs (1)
    --- FAIL: TestHandleCreateNCR_SQLInjectionInFields/title_1'_UNION_SELECT_*_FROM_audit_log-- (0.00s)
        handler_ncr_edge_cases_test.go:188: Expected success, got 500 for payload: 1' UNION SELECT * FROM audit_log--
        handler_ncr_edge_cases_test.go:195: Query failed: SQL logic error: no such table: ncrs (1)
2026/02/23 04:27:33 ERROR: nextID query sequence failed for NCR-2026: SQL logic error: no such table: id_sequences (1)
2026/02/23 04:27:33 ERROR: nextID query sequence failed for NCR-2026: SQL logic error: no such table: id_sequences (1)
2026/02/23 04:27:33 ERROR: nextID query sequence failed for NCR-2026: SQL logic error: no such table: id_sequences (1)
2026/02/23 04:27:33 ERROR: nextID query sequence failed for NCR-2026: SQL logic error: no such table: id_sequences (1)
2026/02/23 04:27:33 ERROR: nextID query sequence failed for NCR-2026: SQL logic error: no such table: id_sequences (1)
--- FAIL: TestHandleCreateNCR_ExcessiveFieldLengths (0.00s)
    --- FAIL: TestHandleCreateNCR_ExcessiveFieldLengths/ipn_exact_limit (0.00s)
        handler_ncr_edge_cases_test.go:407: Field ipn with length 100 should have been accepted (max: 100), got code 500
    --- FAIL: TestHandleCreateNCR_ExcessiveFieldLengths/serial_number_exact_limit (0.00s)
        handler_ncr_edge_cases_test.go:407: Field serial_number with length 100 should have been accepted (max: 100), got code 500
    --- FAIL: TestHandleCreateNCR_ExcessiveFieldLengths/defect_type_exact_limit (0.00s)
        handler_ncr_edge_cases_test.go:407: Field defect_type with length 255 should have been accepted (max: 255), got code 500
    --- FAIL: TestHandleCreateNCR_ExcessiveFieldLengths/root_cause_exact_limit (0.00s)
        handler_ncr_edge_cases_test.go:407: Field root_cause with length 1000 should have been accepted (max: 1000), got code 500
    --- FAIL: TestHandleCreateNCR_ExcessiveFieldLengths/corrective_action_exact_limit (0.00s)
        handler_ncr_edge_cases_test.go:407: Field corrective_action with length 1000 should have been accepted (max: 1000), got code 500
2026/02/23 04:27:33 ERROR: nextID query sequence failed for NCR-2026: SQL logic error: no such table: id_sequences (1)
2026/02/23 04:27:33 ERROR: nextID query sequence failed for NCR-2026: SQL logic error: no such table: id_sequences (1)
2026/02/23 04:27:33 ERROR: nextID query sequence failed for NCR-2026: SQL logic error: no such table: id_sequences (1)
2026/02/23 04:27:33 ERROR: nextID query sequence failed for NCR-2026: SQL logic error: no such table: id_sequences (1)
--- FAIL: TestHandleCreateCAPAFromNCR_ChangeTracking (0.00s)
    handler_ncr_integration_test.go:843: Expected at least 1 part_changes entry for CAPA creation, got 0
--- FAIL: TestHandleCreateECOFromNCR_ChangeTracking (0.00s)
    handler_ncr_integration_test.go:875: Expected at least 1 part_changes entry for ECO creation, got 0
--- FAIL: TestHandleListNotifications_All (0.01s)
    handler_notifications_test.go:163: Expected first notification to be 'System Update', got 'Low Stock: PART-123'
2026/02/23 04:27:34 Generating notifications...
2026/02/23 04:27:34 Notification check complete: 1 candidates
2026/02/23 04:27:34 Generating notifications...
2026/02/23 04:27:34 Notification check complete: 1 candidates
2026/02/23 04:27:34 Generating notifications...
2026/02/23 04:27:34 Notification check complete: 1 candidates
2026/02/23 04:27:34 Generating notifications...
2026/02/23 04:27:34 Notification check complete: 0 candidates
--- FAIL: TestGenerateNotifications_NewRMA (0.00s)
    handler_notifications_test.go:492: Expected 1 new_rma notification for RMA-001, got 0
    handler_notifications_test.go:499: Message should contain serial number, got ''
    handler_notifications_test.go:502: Message should contain customer name, got ''
2026/02/23 04:27:34 Generating notifications...
2026/02/23 04:27:34 Notification check complete: 3 candidates
--- FAIL: TestGenerateNotifications_MultipleIssues (0.00s)
    handler_notifications_test.go:759: Expected 1 open_ncr notification, got 0
--- FAIL: TestNotificationReadState (0.00s)
    handler_notifications_test.go:820: read_at should be valid timestamp, got '2026-02-23T11:27:34Z'
2026/02/23 04:27:34 ERROR: nextID query sequence failed for PO-2026: SQL logic error: no such table: id_sequences (1)
2026/02/23 04:27:34 ERROR: nextID query sequence failed for PO-2026: SQL logic error: no such table: id_sequences (1)
--- FAIL: TestPOLineQuantityOverflow (0.00s)
    --- FAIL: TestPOLineQuantityOverflow/Very_large_quantity_(1_million) (0.00s)
        handler_numeric_validation_test.go:288: Expected error for qty_ordered=1e+06, but got success
2026/02/23 04:27:34 ERROR: nextID query sequence failed for PO-2026: SQL logic error: no such table: id_sequences (1)
2026/02/23 04:27:34 ERROR: nextID query sequence failed for PO-2026: SQL logic error: no such table: id_sequences (1)
2026/02/23 04:27:34 ERROR: nextID query sequence failed for PO-2026: SQL logic error: no such table: id_sequences (1)
2026/02/23 04:27:34 ERROR: nextID query sequence failed for PO-2026: SQL logic error: no such table: id_sequences (1)
2026/02/23 04:27:34 ERROR: nextID query sequence failed for Q-2026: SQL logic error: no such table: id_sequences (1)
2026/02/23 04:27:34 ERROR: nextID query sequence failed for Q-2026: SQL logic error: no such table: id_sequences (1)
--- FAIL: TestWorkOrderQuantityOverflow (0.00s)
    --- FAIL: TestWorkOrderQuantityOverflow/Very_large_batch_(100k) (0.00s)
        handler_numeric_validation_test.go:703: Expected error for qty=100000, but insert succeeded
2026/02/23 04:27:35 ERROR: nextID query sequence failed for ECO-2026: SQL logic error: no such table: id_sequences (1)
2026/02/23 04:27:35 ERROR: nextID query sequence failed for ECO-2026: SQL logic error: no such table: id_sequences (1)
audit log error: SQL logic error: no such table: audit_log (1)
--- FAIL: TestApplyPartChangesOnECOImplement (0.08s)
    handler_part_changes_test.go:330: implement failed: 404 {"error":"not found"}
2026/02/23 04:27:35 ERROR: nextID query sequence failed for ECO-2026: SQL logic error: no such table: id_sequences (1)
--- FAIL: TestParts_ConcurrentCreateSameIPN (0.00s)
    handler_parts_comprehensive_test.go:73: Expected exactly 1 success, got 10
    handler_parts_comprehensive_test.go:77: Expected 9 conflicts, got 0
--- FAIL: TestParts_SearchPerformance (0.00s)
    --- FAIL: TestParts_SearchPerformance/Description_search (0.00s)
panic: invalid NewRequest arguments; malformed HTTP version "part HTTP/1.0" [recovered]
	panic: invalid NewRequest arguments; malformed HTTP version "part HTTP/1.0"

goroutine 2091 [running]:
testing.tRunner.func1.2({0x102c47600, 0x1400086dc40})
	/opt/homebrew/Cellar/go/1.24.5/libexec/src/testing/testing.go:1734 +0x1ac
testing.tRunner.func1()
	/opt/homebrew/Cellar/go/1.24.5/libexec/src/testing/testing.go:1737 +0x334
panic({0x102c47600?, 0x1400086dc40?})
	/opt/homebrew/Cellar/go/1.24.5/libexec/src/runtime/panic.go:792 +0x124
net/http/httptest.NewRequestWithContext({0x102d66f48, 0x103493040}, {0x1029b75e7?, 0x1029c241a?}, {0x14000104ea8, 0x19}, {0x0, 0x0})
	/opt/homebrew/Cellar/go/1.24.5/libexec/src/net/http/httptest/httptest.go:52 +0x5f8
net/http/httptest.NewRequest(...)
	/opt/homebrew/Cellar/go/1.24.5/libexec/src/net/http/httptest/httptest.go:20
zrp.TestParts_SearchPerformance.func2(0x14000938c40)
	/Users/jsnapoli1/.openclaw/workspace/zrp/handler_parts_comprehensive_test.go:177 +0xa0
testing.tRunner(0x14000938c40, 0x140007ef2c0)
	/opt/homebrew/Cellar/go/1.24.5/libexec/src/testing/testing.go:1792 +0xe4
created by testing.(*T).Run in goroutine 2088
	/opt/homebrew/Cellar/go/1.24.5/libexec/src/testing/testing.go:1851 +0x374
FAIL	zrp	14.019s
FAIL
